stderr:
org.apache.commons.cli.ParseException: sipUsername must be set via command line argument or environment variable 'SIP_USERNAME'

stdout:
usage: jsipdialer
 -callerName <arg>          the caller's name that gets displayed
 -destinationNumber <arg>   the number to call
 -sipPassword <arg>         sip password (should better be passed via env
                            var SIP_PASSWORD)
 -sipServerAddress <arg>    ip/name of the sip server
 -sipServerPort <arg>       port number of the sip server
 -sipUsername <arg>         sip username (should better be passed via env
                            var SIP_USERNAME)
 -timeout <arg>             terminate call at most after x seconds
